
  redCompressionThirdPartyCompat.vcxproj -> D:\ENGINE\build\output\Debug\redCompressionThirdPartyCompat.lib
  packagesCompat.vcxproj -> D:\ENGINE\build\output\Debug\packagesCompat.lib
  redSystemCompat.vcxproj -> D:\ENGINE\build\output\Debug\redSystemCompat.lib
  serializationCompat.vcxproj -> D:\ENGINE\build\output\Debug\serializationCompat.lib
  system.vcxproj -> D:\ENGINE\build\output\Debug\system.lib
  memory.vcxproj -> D:\ENGINE\build\output\Debug\memory.lib
  redCompressionCompat.vcxproj -> D:\ENGINE\build\output\Debug\redCompressionCompat.lib
          1 file(s) copied.
  redMathCompat.vcxproj -> D:\ENGINE\build\output\Debug\redMathCompat.lib
  redContainersCompat.vcxproj -> D:\ENGINE\build\output\Debug\redContainersCompat.lib
  redIOCompat.vcxproj -> D:\ENGINE\build\output\Debug\redIOCompat.lib
  redCoreCompat.vcxproj -> D:\ENGINE\build\output\Debug\redCoreCompat.lib
          1 file(s) copied.
  redFileSystemCompat.vcxproj -> D:\ENGINE\build\output\Debug\redFileSystemCompat.lib
          1 file(s) copied.
          1 file(s) copied.
  filesystemCompat.vcxproj -> D:\ENGINE\build\output\Debug\filesystemCompat.lib
  ioCompat.vcxproj -> D:\ENGINE\build\output\Debug\ioCompat.lib
  diagnosticsCompat.vcxproj -> D:\ENGINE\build\output\Debug\diagnosticsCompat.lib
  diagnostics.vcxproj -> D:\ENGINE\build\output\Debug\diagnostics.lib
  containersCompat.vcxproj -> D:\ENGINE\build\output\Debug\containersCompat.lib
  containers.vcxproj -> D:\ENGINE\build\output\Debug\containers.lib
  io.vcxproj -> D:\ENGINE\build\output\Debug\io.lib
  filesystem.vcxproj -> D:\ENGINE\build\output\Debug\filesystem.lib
  serialization.vcxproj -> D:\ENGINE\build\output\Debug\serialization.lib
  crypto.vcxproj -> D:\ENGINE\build\output\Debug\crypto.lib
  concurrencyCompat.vcxproj -> D:\ENGINE\build\output\Debug\concurrencyCompat.lib
  concurrency.vcxproj -> D:\ENGINE\build\output\Debug\concurrency.lib
  redJobsCompat.vcxproj -> D:\ENGINE\build\output\Debug\redJobsCompat.lib
  jobsCompat.vcxproj -> D:\ENGINE\build\output\Debug\jobsCompat.lib
  jobs.vcxproj -> D:\ENGINE\build\output\Debug\jobs.lib
  resources.vcxproj -> D:\ENGINE\build\output\Debug\resources.lib
  packages.vcxproj -> D:\ENGINE\build\output\Debug\packages.lib
  assets.vcxproj -> D:\ENGINE\build\output\Debug\assets.lib
  shaders.vcxproj -> D:\ENGINE\build\output\Debug\shaders.lib
  shaderTools.vcxproj -> D:\ENGINE\build\output\Debug\shaderTools.lib
  window.vcxproj -> D:\ENGINE\build\output\Debug\window.lib
  windowSdl.vcxproj -> D:\ENGINE\build\output\Debug\windowSdl.lib
  application.vcxproj -> D:\ENGINE\build\output\Debug\application.lib
  input.vcxproj -> D:\ENGINE\build\output\Debug\input.lib
  platformWindows.vcxproj -> D:\ENGINE\build\output\Debug\platformWindows.lib
  gameInput.vcxproj -> D:\ENGINE\build\output\Debug\gameInput.lib
  pipelines.vcxproj -> D:\ENGINE\build\output\Debug\pipelines.lib
  pipelineCache.vcxproj -> D:\ENGINE\build\output\Debug\pipelineCache.lib
  rhi.vcxproj -> D:\ENGINE\build\output\Debug\rhi.lib
  redConfigCompat.vcxproj -> D:\ENGINE\build\output\Debug\redConfigCompat.lib
  commProtocolCompat.vcxproj -> D:\ENGINE\build\output\Debug\commProtocolCompat.lib
  redNetworkCompat.vcxproj -> D:\ENGINE\build\output\Debug\redNetworkCompat.lib
  commChannelCompat.vcxproj -> D:\ENGINE\build\output\Debug\commChannelCompat.lib
  redLexerCompat.vcxproj -> D:\ENGINE\build\output\Debug\redLexerCompat.lib
  redReflectionCompat.vcxproj -> D:\ENGINE\build\output\Debug\redReflectionCompat.lib
  reflectionCompat.vcxproj -> D:\ENGINE\build\output\Debug\reflectionCompat.lib
  reflection.vcxproj -> D:\ENGINE\build\output\Debug\reflection.lib
  schemas.vcxproj -> D:\ENGINE\build\output\Debug\schemas.lib
  streaming.vcxproj -> D:\ENGINE\build\output\Debug\streaming.lib
  meshes.vcxproj -> D:\ENGINE\build\output\Debug\meshes.lib
  textures.vcxproj -> D:\ENGINE\build\output\Debug\textures.lib
  materials.vcxproj -> D:\ENGINE\build\output\Debug\materials.lib
  rendering.vcxproj -> D:\ENGINE\build\output\Debug\rendering.lib
  flecs.vcxproj -> D:\ENGINE\build\output\Debug\flecs.lib
  ecs.vcxproj -> D:\ENGINE\build\output\Debug\ecs.lib
  gameWorld.vcxproj -> D:\ENGINE\build\output\Debug\gameWorld.lib
  prefabs.vcxproj -> D:\ENGINE\build\output\Debug\prefabs.lib
  world.vcxproj -> D:\ENGINE\build\output\Debug\world.lib
  math.vcxproj -> D:\ENGINE\build\output\Debug\math.lib
  entities.vcxproj -> D:\ENGINE\build\output\Debug\entities.lib
  engine.vcxproj -> D:\ENGINE\build\output\Debug\engine.lib
  nvrhiCore.vcxproj -> D:\ENGINE\build\output\Debug\nvrhiCore.lib
  directXGuids.vcxproj -> D:\ENGINE\build\output\Debug\directXGuids.lib
  nvrhiD3D12.vcxproj -> D:\ENGINE\build\output\Debug\nvrhiD3D12.lib
  rhiNvrhi.vcxproj -> D:\ENGINE\build\output\Debug\rhiNvrhi.lib
  projects.vcxproj -> D:\ENGINE\build\output\Debug\projects.lib
  imgui.vcxproj -> D:\ENGINE\build\output\Debug\imgui.lib
  editor_ui_proof.cpp
  main_windows.cpp
  editor_application.cpp
  editor.vcxproj -> D:\ENGINE\bin\Editor\Debug\VanguardEditor.exe
          1 file(s) copied.
          1 file(s) copied.
          1 file(s) copied.
          1 file(s) copied.
          1 file(s) copied.
          1 file(s) copied.
          1 file(s) copied.
          1 file(s) copied.
